
> medshift-demo@0.0.0 build
> vite build

[36mvite v5.4.21 [32mbuilding for production...[36m[39m
transforming...
[32mΓ£ô[39m 14 modules transformed.
x Build failed in 1.92s
error during build:
[vite:esbuild] Transform failed with 1 error:
C:/Users/Vilas/OneDrive/Desktop/mobile view/MedShift_Phase10_11.jsx:207:98: ERROR: Unterminated string literal
file: C:/Users/Vilas/OneDrive/Desktop/mobile view/MedShift_Phase10_11.jsx:207:98

Unterminated string literal
206|            {[
207|              { label: "Rating", value: HOSPITAL.rating, icon: Star, color: "#F59E0B", suffix: "├ó┬ÿ
208|  " },
   |   ^
209|              { label: "Hires", value: HOSPITAL.totalHires, icon: Users, color: C.teal, suffix: "+" },
210|              { label: "Response", value: HOSPITAL.responseTime, icon: Timer, color: C.blue, suffix: "" },

    at failureErrorWithLog (C:\Users\Vilas\OneDrive\Desktop\mobile view\node_modules\esbuild\lib\main.js:1472:15)
    at C:\Users\Vilas\OneDrive\Desktop\mobile view\node_modules\esbuild\lib\main.js:755:50
    at responseCallbacks.<computed> (C:\Users\Vilas\OneDrive\Desktop\mobile view\node_modules\esbuild\lib\main.js:622:9)
    at handleIncomingPacket (C:\Users\Vilas\OneDrive\Desktop\mobile view\node_modules\esbuild\lib\main.js:677:12)
    at Socket.readFromStdout (C:\Users\Vilas\OneDrive\Desktop\mobile view\node_modules\esbuild\lib\main.js:600:7)
    at Socket.emit (node:events:518:28)
    at addChunk (node:internal/streams/readable:561:12)
    at readableAddChunkPushByteMode (node:internal/streams/readable:512:3)
    at Readable.push (node:internal/streams/readable:392:5)
    at Pipe.onStreamRead (node:internal/stream_base_commons:189:23)
